Copyright 1986-2018 Xilinx, Inc. All Rights Reserved.
---------------------------------------------------------------------------------------------------------------------------------------------
| Tool Version : Vivado v.2018.2.2 (win64) Build 2348494 Mon Oct  1 18:25:44 MDT 2018
| Date         : Thu May 30 16:17:42 2019
| Host         : DESKTOP-NLIN2T4 running 64-bit major release  (build 9200)
| Command      : report_drc -file vga_driver_part3_1_drc_opted.rpt -pb vga_driver_part3_1_drc_opted.pb -rpx vga_driver_part3_1_drc_opted.rpx
| Design       : vga_driver_part3_1
| Device       : xc7a35tcpg236-3
| Speed File   : -3
| Design State : Synthesized
---------------------------------------------------------------------------------------------------------------------------------------------

Report DRC

Table of Contents
-----------------
1. REPORT SUMMARY
2. REPORT DETAILS

1. REPORT SUMMARY
-----------------
            Netlist: netlist
          Floorplan: design_1
      Design limits: <entire design considered>
           Ruledeck: default
             Max violations: <unlimited>
             Violations found: 0
+------+----------+-------------+------------+
| Rule | Severity | Description | Violations |
+------+----------+-------------+------------+
+------+----------+-------------+------------+

2. REPORT DETAILS
-----------------

